## toolbox - start
## Generated with https://github.com/bakito/toolbox

## Current working directory
TB_LOCALDIR ?= $(shell which cygpath > /dev/null 2>&1 && cygpath -m $$(pwd) || pwd)
## Location to install dependencies to
TB_LOCALBIN ?= $(TB_LOCALDIR)/bin
$(TB_LOCALBIN):
	if [ ! -e $(TB_LOCALBIN) ]; then mkdir -p $(TB_LOCALBIN); fi

## Tool Binaries
TB_CONTROLLER_GEN ?= $(TB_LOCALBIN)/controller-gen
TB_GOLANGCI_LINT ?= $(TB_LOCALBIN)/golangci-lint
TB_SEMVER ?= $(TB_LOCALBIN)/semver
TB_TOOLBOX ?= $(TB_LOCALBIN)/toolbox

## Tool Versions
TB_CONTROLLER_GEN_VERSION ?= v0.2.1
TB_GOLANGCI_LINT_VERSION ?= v0.2.1
TB_SEMVER_VERSION ?= v0.2.1
TB_TOOLBOX_VERSION ?= v0.2.1

## Tool Installer
.PHONY: tb.controller-gen
tb.controller-gen: ## Download controller-gen locally if necessary.
	@test -s $(TB_CONTROLLER_GEN) || \
		GOBIN=$(TB_LOCALBIN) go install sigs.k8s.io/controller-tools/cmd/controller-gen@$(TB_CONTROLLER_GEN_VERSION)
.PHONY: tb.golangci-lint
tb.golangci-lint: ## Download golangci-lint locally if necessary.
	@test -s $(TB_GOLANGCI_LINT) || \
		GOBIN=$(TB_LOCALBIN) go install github.com/golangci/golangci-lint/v2/cmd/golangci-lint@$(TB_GOLANGCI_LINT_VERSION)
.PHONY: tb.semver
tb.semver: ## Download semver locally if necessary.
	@test -s $(TB_SEMVER) || \
		GOBIN=$(TB_LOCALBIN) go install github.com/bakito/semver@$(TB_SEMVER_VERSION)
.PHONY: tb.toolbox
tb.toolbox: ## Download toolbox locally if necessary.
	@test -s $(TB_TOOLBOX) || \
		GOBIN=$(TB_LOCALBIN) go install github.com/bakito/toolbox@$(TB_TOOLBOX_VERSION)

## Reset Tools
.PHONY: tb.reset
tb.reset:
	@rm -f \
		$(TB_CONTROLLER_GEN) \
		$(TB_GOLANGCI_LINT) \
		$(TB_SEMVER) \
		$(TB_TOOLBOX)

## Update Tools
.PHONY: tb.update
tb.update: tb.reset
	toolbox makefile -f $(TB_LOCALDIR)/Makefile \
		sigs.k8s.io/controller-tools/cmd/controller-gen@github.com/kubernetes-sigs/controller-tools \
		github.com/golangci/golangci-lint/v2/cmd/golangci-lint \
		github.com/bakito/semver \
		github.com/bakito/toolbox
## toolbox - end
