## toolbox - start
## Current working directory
LOCALDIR ?= $(shell which cygpath > /dev/null 2>&1 && cygpath -m $$(pwd) || pwd)
## Location to install dependencies to
LOCALBIN ?= $(LOCALDIR)/bin
$(LOCALBIN):
	mkdir -p $(LOCALBIN)

## Tool Binaries
CONTROLLER_GEN ?= $(LOCALBIN)/controller-gen
SEMVER ?= $(LOCALBIN)/semver
TOOLBOX ?= $(LOCALBIN)/toolbox

## Tool Versions

## Tool Installer
.PHONY: controller-gen
controller-gen: $(CONTROLLER_GEN) ## Download controller-gen locally if necessary.
$(CONTROLLER_GEN): $(LOCALBIN)
	test -s $(LOCALBIN)/controller-gen || GOBIN=$(LOCALBIN) go install sigs.k8s.io/controller-tools/cmd/controller-gen
.PHONY: semver
semver: $(SEMVER) ## Download semver locally if necessary.
$(SEMVER): $(LOCALBIN)
	test -s $(LOCALBIN)/semver || GOBIN=$(LOCALBIN) go install github.com/bakito/semver
.PHONY: toolbox
toolbox: $(TOOLBOX) ## Download toolbox locally if necessary.
$(TOOLBOX): $(LOCALBIN)
	test -s $(LOCALBIN)/toolbox || GOBIN=$(LOCALBIN) go install github.com/bakito/toolbox

## Update Tools
.PHONY: update-toolbox-tools
update-toolbox-tools:
	@rm -f \
		$(LOCALBIN)/controller-gen \
		$(LOCALBIN)/semver \
		$(LOCALBIN)/toolbox
	toolbox makefile -f $(LOCALDIR)/Makefile
## toolbox - end
