{
  "$schema": "https://docs.renovatebot.com/renovate-schema.json",
  "customManagers": [
    {
      "customType": "regex",
      "datasourceTemplate": "go",
      "description": "Update toolbox tools in Makefile",
      "fileMatch": [
        "^Makefile$"
      ],
      "matchStrings": [
        "# renovate: packageName=(?\u003cpackageName\u003e.+?)\\s+.+?_VERSION \\?= (?\u003ccurrentValue\u003e.+?)\\s"
      ]
    }
  ]
}
