{
  "$schema": "https://docs.renovatebot.com/renovate-schema.json",
  "customManagers": [
    {
      "customType": "regex",
      "datasourceTemplate": "go",
      "description": "this is an existing manager and should not be touched",
      "managerFilePatterns": [
        "^Dockerfile"
      ],
      "matchStrings": [
        "..."
      ]
    },
    {
      "customType": "regex",
      "datasourceTemplate": "go",
      "description": "Update toolbox tools in .toolbox.mk",
      "managerFilePatterns": [
        ".toolbox.mk"
      ],
      "matchStrings": [
        "# renovate: packageName=(?<packageName>.+?)\\s+.+?_VERSION \\?= (?<currentValue>.+?)\\s"
      ]
    }
  ]
}
